<html>
<body>
<pre>
<h1>µVision Build Log</h1>
<h2>Tool Versions:</h2>
IDE-Version: µVision V5.38.0.0
Copyright (C) 2022 ARM Ltd and ARM Germany GmbH. All rights reserved.
License Information: Zachary Richatds, UCSB, LIC=----
 
Tool Versions:
Toolchain:       MDK-Lite  Version: 5.38.0.0
Toolchain Path:  C:\Keil_v5\ARM\ARMCLANG\Bin
C Compiler:      ArmClang.exe V6.19
Assembler:       Armasm.exe V6.19
Linker/Locator:  ArmLink.exe V6.19
Library Manager: ArmAr.exe V6.19
Hex Converter:   FromElf.exe V6.19
CPU DLL:         SARMCM3.DLL V5.38.0.0
Dialog DLL:      DCM.DLL V1.17.5.0
Target DLL:      STLink\ST-LINKIII-KEIL_SWO.dll V3.1.0.0
Dialog DLL:      TCM.DLL V1.56.4.0
 
<h2>Project:</h2>
C:\Users\Zach\Desktop\Template_L2\2A\project.uvprojx
Project File Date:  04/20/2023

<h2>Output:</h2>
*** Using Compiler 'V6.19', folder: 'C:\Keil_v5\ARM\ARMCLANG\Bin'
Rebuild target 'Target 1'
assembling startup_stm32l476xx.s...
src/main.c(16): warning: implicit conversion changes signedness: 'int' to 'unsigned int' [-Wsign-conversion]
        GPIOC->MODER &= ~(1<<11); //5
                     ~~ ^~~~~~~~
src/main.c(17): warning: implicit conversion changes signedness: 'int' to 'unsigned int' [-Wsign-conversion]
        GPIOC->MODER &= ~(1<<13); //6
                     ~~ ^~~~~~~~
src/main.c(18): warning: implicit conversion changes signedness: 'int' to 'unsigned int' [-Wsign-conversion]
        GPIOC->MODER &= ~(1<<17); //8
                     ~~ ^~~~~~~~
src/main.c(19): warning: implicit conversion changes signedness: 'int' to 'unsigned int' [-Wsign-conversion]
        GPIOC->MODER &= ~(1<<19); //9
                     ~~ ^~~~~~~~
src/main.c(27): warning: implicit conversion changes signedness: 'int' to 'unsigned int' [-Wsign-conversion]
        GPIOC->OSPEEDR &= (~(1<<10));
                       ~~  ^~~~~~~~
src/main.c(28): warning: implicit conversion changes signedness: 'int' to 'unsigned int' [-Wsign-conversion]
        GPIOC->OSPEEDR &= (~(1<<12));
                       ~~  ^~~~~~~~
src/main.c(29): warning: implicit conversion changes signedness: 'int' to 'unsigned int' [-Wsign-conversion]
        GPIOC->OSPEEDR &= (~(1<<16));
                       ~~  ^~~~~~~~
src/main.c(30): warning: implicit conversion changes signedness: 'int' to 'unsigned int' [-Wsign-conversion]
        GPIOC->OSPEEDR &= (~(1<<18));
                       ~~  ^~~~~~~~
src/main.c(33): warning: implicit conversion changes signedness: 'int' to 'unsigned int' [-Wsign-conversion]
        GPIOC->OTYPER &= (~(1<<5));
                      ~~  ^~~~~~~
src/main.c(34): warning: implicit conversion changes signedness: 'int' to 'unsigned int' [-Wsign-conversion]
        GPIOC->OTYPER &= (~(1<<6));
                      ~~  ^~~~~~~
src/main.c(35): warning: implicit conversion changes signedness: 'int' to 'unsigned int' [-Wsign-conversion]
        GPIOC->OTYPER &= (~(1<<8));
                      ~~  ^~~~~~~
src/main.c(36): warning: implicit conversion changes signedness: 'int' to 'unsigned int' [-Wsign-conversion]
        GPIOC->OTYPER &= (~(1<<9));
                      ~~  ^~~~~~~
src/main.c(39): warning: implicit conversion changes signedness: 'int' to 'unsigned int' [-Wsign-conversion]
        GPIOC->PUPDR &= ~((1<<11)+(1<<10));
                     ~~ ^~~~~~~~~~~~~~~~~~
src/main.c(40): warning: implicit conversion changes signedness: 'int' to 'unsigned int' [-Wsign-conversion]
        GPIOC->PUPDR &= ~((1<<13)+(1<<12));
                     ~~ ^~~~~~~~~~~~~~~~~~
src/main.c(41): warning: implicit conversion changes signedness: 'int' to 'unsigned int' [-Wsign-conversion]
        GPIOC->PUPDR &= ~((1<<17)+(1<<16));
                     ~~ ^~~~~~~~~~~~~~~~~~
src/main.c(42): warning: implicit conversion changes signedness: 'int' to 'unsigned int' [-Wsign-conversion]
        GPIOC->PUPDR &= ~((1<<19)+(1<<18));
                     ~~ ^~~~~~~~~~~~~~~~~~
src/main.c(11): warning: no previous prototype for function 'GPIO_Init' [-Wmissing-prototypes]
void GPIO_Init(void){   
     ^
src/main.c(11): note: declare 'static' if the function is not intended to be used outside of this translation unit
void GPIO_Init(void){   
^
static 
src/main.c(49): warning: no previous prototype for function 'Full_Stepping_Clockwise' [-Wmissing-prototypes]
void Full_Stepping_Clockwise(void){
     ^
src/main.c(49): note: declare 'static' if the function is not intended to be used outside of this translation unit
void Full_Stepping_Clockwise(void){
^
static 
src/main.c(81): warning: no previous prototype for function 'Full_Stepping_CounterClockwise' [-Wmissing-prototypes]
void Full_Stepping_CounterClockwise(void){
     ^
src/main.c(81): note: declare 'static' if the function is not intended to be used outside of this translation unit
void Full_Stepping_CounterClockwise(void){
^
static 
src/main.c(119): warning: no previous prototype for function 'Half_Stepping_Clockwise' [-Wmissing-prototypes]
void Half_Stepping_Clockwise(void){
     ^
src/main.c(119): note: declare 'static' if the function is not intended to be used outside of this translation unit
void Half_Stepping_Clockwise(void){
^
static 
src/main.c(148): warning: no previous prototype for function 'Half_Stepping_CounterClockwise' [-Wmissing-prototypes]
void Half_Stepping_CounterClockwise(void){
     ^
src/main.c(148): note: declare 'static' if the function is not intended to be used outside of this translation unit
void Half_Stepping_CounterClockwise(void){
^
static 
src/main.c(202): warning: no newline at end of file [-Wnewline-eof]
}
 ^
22 warnings generated.
compiling main.c...
linking...
Program Size: Code=1056 RO-data=408 RW-data=0 ZI-data=1632  
FromELF: creating hex file...
".\Objects\project.axf" - 0 Error(s), 22 Warning(s).

<h2>Software Packages used:</h2>

Package Vendor: ARM
                http://www.keil.com/pack/ARM.CMSIS.5.9.0.pack
                ARM.CMSIS.5.9.0
                CMSIS (Common Microcontroller Software Interface Standard)
   * Component: CORE Version: 5.6.0

Package Vendor: Keil
                http://www.keil.com/pack/Keil.STM32L4xx_DFP.2.6.1.pack
                Keil.STM32L4xx_DFP.2.6.1
                STMicroelectronics STM32L4 Series Device Support, Drivers and Examples

<h2>Collection of Component include folders:</h2>
  ./RTE/_Target_1
  C:/Users/Zach/AppData/Local/Arm/Packs/ARM/CMSIS/5.9.0/CMSIS/Core/Include
  C:/Users/Zach/AppData/Local/Arm/Packs/Keil/STM32L4xx_DFP/2.6.1/Drivers/CMSIS/Device/ST/STM32L4xx/Include

<h2>Collection of Component Files used:</h2>

   * Component: ARM::CMSIS:CORE:5.6.0
Build Time Elapsed:  00:00:01
</pre>
</body>
</html>
