<html>
<body>
<pre>
<h1>µVision Build Log</h1>
<h2>Tool Versions:</h2>
IDE-Version: µVision V5.38.0.0
Copyright (C) 2022 ARM Ltd and ARM Germany GmbH. All rights reserved.
License Information: Zachary Richatds, UCSB, LIC=----
 
Tool Versions:
Toolchain:       MDK-Lite  Version: 5.38.0.0
Toolchain Path:  C:\Keil_v5\ARM\ARMCLANG\Bin
C Compiler:      ArmClang.exe V6.19
Assembler:       Armasm.exe V6.19
Linker/Locator:  ArmLink.exe V6.19
Library Manager: ArmAr.exe V6.19
Hex Converter:   FromElf.exe V6.19
CPU DLL:         SARMCM3.DLL V5.38.0.0
Dialog DLL:      DCM.DLL V1.17.5.0
Target DLL:      STLink\ST-LINKIII-KEIL_SWO.dll V3.1.0.0
Dialog DLL:      TCM.DLL V1.56.4.0
 
<h2>Project:</h2>
C:\Users\Zach\Desktop\Template_L2\2C\project.uvprojx
Project File Date:  04/20/2023

<h2>Output:</h2>
*** Using Compiler 'V6.19', folder: 'C:\Keil_v5\ARM\ARMCLANG\Bin'
Rebuild target 'Target 1'
src/LED.c(17): warning: implicit conversion changes signedness: 'int' to 'unsigned int' [-Wsign-conversion]
         GPIOA->MODER &= ~(1<<11);
                      ~~ ^~~~~~~~
src/LED.c(18): warning: implicit conversion changes signedness: 'int' to 'unsigned int' [-Wsign-conversion]
         GPIOA->OTYPER &= (~(1<<5));
                       ~~  ^~~~~~~
src/LED.c(19): warning: implicit conversion changes signedness: 'int' to 'unsigned int' [-Wsign-conversion]
         GPIOA->PUPDR &= ~((1<<11)+(1<<10));
                      ~~ ^~~~~~~~~~~~~~~~~~
3 warnings generated.
compiling LED.c...
assembling startup_stm32l476xx.s...
src/RTC.c(40): warning: no previous prototype for function 'RTC_BAK_SetRegister' [-Wmissing-prototypes]
void RTC_BAK_SetRegister(uint32_t BackupRegister, uint32_t Data) {
     ^
src/RTC.c(40): note: declare 'static' if the function is not intended to be used outside of this translation unit
void RTC_BAK_SetRegister(uint32_t BackupRegister, uint32_t Data) {
^
static 
1 warning generated.
compiling RTC.c...
compiling SysClock.c...
src/main.c(15): warning: no previous extern declaration for non-static variable 'strTime' [-Wmissing-variable-declarations]
char strTime[12] = {0};
     ^
src/main.c(15): note: declare 'static' if the variable is not intended to be used outside of this translation unit
char strTime[12] = {0};
^
src/main.c(16): warning: no previous extern declaration for non-static variable 'strDate' [-Wmissing-variable-declarations]
char strDate[12] = {0};
     ^
src/main.c(16): note: declare 'static' if the variable is not intended to be used outside of this translation unit
char strDate[12] = {0};
^
src/main.c(26): warning: & has lower precedence than ==; == will be evaluated first [-Wparentheses]
        while ((RTC->CR & RTC_ISR_ALRAWF == 0) || (RTC->CR & RTC_ISR_ALRBWF == 0)) {}
                        ^~~~~~~~~~~~~~~~~~~~~
src/main.c(26): note: place parentheses around the '==' expression to silence this warning
        while ((RTC->CR & RTC_ISR_ALRAWF == 0) || (RTC->CR & RTC_ISR_ALRBWF == 0)) {}
                        ^ ~~~~~~~~~~~~~~~~~~~
src/main.c(26): note: place parentheses around the & expression to evaluate it first
        while ((RTC->CR & RTC_ISR_ALRAWF == 0) || (RTC->CR & RTC_ISR_ALRBWF == 0)) {}
                ~~~~~~~~^~~~~~~~~~~~~~~~
src/main.c(26): warning: & has lower precedence than ==; == will be evaluated first [-Wparentheses]
        while ((RTC->CR & RTC_ISR_ALRAWF == 0) || (RTC->CR & RTC_ISR_ALRBWF == 0)) {}
                                                           ^~~~~~~~~~~~~~~~~~~~~
src/main.c(26): note: place parentheses around the '==' expression to silence this warning
        while ((RTC->CR & RTC_ISR_ALRAWF == 0) || (RTC->CR & RTC_ISR_ALRBWF == 0)) {}
                                                           ^ ~~~~~~~~~~~~~~~~~~~
src/main.c(26): note: place parentheses around the & expression to evaluate it first
        while ((RTC->CR & RTC_ISR_ALRAWF == 0) || (RTC->CR & RTC_ISR_ALRBWF == 0)) {}
                                                   ~~~~~~~~^~~~~~~~~~~~~~~~
src/main.c(18): warning: no previous prototype for function 'RTC_Set_Alarm' [-Wmissing-prototypes]
void RTC_Set_Alarm(void) {
     ^
src/main.c(18): note: declare 'static' if the function is not intended to be used outside of this translation unit
void RTC_Set_Alarm(void) {
^
static 
src/main.c(52): warning: no previous prototype for function 'RTC_Alarm_Enable' [-Wmissing-prototypes]
void RTC_Alarm_Enable(void) {
     ^
src/main.c(52): note: declare 'static' if the function is not intended to be used outside of this translation unit
void RTC_Alarm_Enable(void) {
^
static 
src/main.c(61): warning: no previous prototype for function 'RTC_Alarm_IRQHandler' [-Wmissing-prototypes]
void RTC_Alarm_IRQHandler(void) {
     ^
src/main.c(61): note: declare 'static' if the function is not intended to be used outside of this translation unit
void RTC_Alarm_IRQHandler(void) {
^
static 
src/main.c(78): warning: no previous prototype for function 'EnableAlarmA' [-Wmissing-prototypes]
void EnableAlarmA(void) {
     ^
src/main.c(78): note: declare 'static' if the function is not intended to be used outside of this translation unit
void EnableAlarmA(void) {
^
static 
src/main.c(91): warning: no previous prototype for function 'EnableAlarmB' [-Wmissing-prototypes]
void EnableAlarmB(void) {
     ^
src/main.c(91): note: declare 'static' if the function is not intended to be used outside of this translation unit
void EnableAlarmB(void) {
^
static 
src/main.c(119): warning: no newline at end of file [-Wnewline-eof]
}
 ^
10 warnings generated.
compiling main.c...
linking...
Program Size: Code=9452 RO-data=992 RW-data=0 ZI-data=1656  
FromELF: creating hex file...
".\Objects\project.axf" - 0 Error(s), 14 Warning(s).

<h2>Software Packages used:</h2>

Package Vendor: ARM
                http://www.keil.com/pack/ARM.CMSIS.5.9.0.pack
                ARM.CMSIS.5.9.0
                CMSIS (Common Microcontroller Software Interface Standard)
   * Component: CORE Version: 5.6.0

Package Vendor: Keil
                http://www.keil.com/pack/Keil.STM32L4xx_DFP.2.6.1.pack
                Keil.STM32L4xx_DFP.2.6.1
                STMicroelectronics STM32L4 Series Device Support, Drivers and Examples

<h2>Collection of Component include folders:</h2>
  ./RTE/_Target_1
  C:/Users/Zach/AppData/Local/Arm/Packs/ARM/CMSIS/5.9.0/CMSIS/Core/Include
  C:/Users/Zach/AppData/Local/Arm/Packs/Keil/STM32L4xx_DFP/2.6.1/Drivers/CMSIS/Device/ST/STM32L4xx/Include

<h2>Collection of Component Files used:</h2>

   * Component: ARM::CMSIS:CORE:5.6.0
Build Time Elapsed:  00:00:01
</pre>
</body>
</html>
